У лукоморья дуб зелёный;
В каком году — рассчитывай,
В какой земле — угадывай,
Златая цепь на дубе том:
Белеет парус одинокой
И днём и ночью кот учёный
На столбовой дороженьке
В тумане моря голубом!..
Сошлись семь мужиков:
Семь временнообязанных,
Подтянутой губернии,
Уезда Терпигорева,
Всё ходит по цепи кругом;
EXIT with return code 0
