.:
A
B
C
x.txt

./A:
dir1
dir2
y.txt

./A/dir1:
tmp1.txt
tmp2.txt

./A/dir2:
a.txt
tmp1.txt

./B:
dir1
dir3

./B/dir1:
tmp1.txt
tmp3.txt

./B/dir3:
c.txt
d
e.txt

./C:
dir1
dir2

./C/dir1:
tmp1.txt
tmp3.txt

./C/dir2:
b.txt
tmp2.txt
