.:
dir1
dir2
dir3

./dir1:
tmp1.txt
tmp2.txt
tmp3.txt

./dir2:
a.txt
b.txt
tmp1.txt
tmp2.txt

./dir3:
c.txt
d
e.txt
